[mimmostore.org/__l5e/assets-v1/dd94fc35-b12f-4f05-93fc-8bd505243901/mimmostore-logo.jpg]
[backblue.gif]
[fade.gif]
[index.html]
[mimmostore.org/assets/jsx-runtime-DGeXAQPT.js]
[mimmostore.org/assets/index-cSd6hS-P.js]
[mimmostore.org/assets/useRouter-ZVc3qhbb.js]
[mimmostore.org/assets/contact-B7DDbeJX.js]
[mimmostore.org/assets/pricing--1uBHQ7W.js]
[mimmostore.org/assets/redirect-Dhm19zUi.js]
[mimmostore.org/assets/createLucideIcon-YyBz1N8X.js]
[mimmostore.org/assets/routes-BHXMiMSu.js]
[mimmostore.org/assets/Shipping-o66kiVCj.js]
[mimmostore.org/assets/CategoryDrawer-s2x9HltA.js]
[mimmostore.org/favicon.png]
[mimmostore.org/_flock.js]
[mimmostore.org/__l5e/assets-v1/19efe0ec-ccc4-4b1b-a556-d56f714d8ccc/store-3105.jpg]
[mimmostore.org/__l5e/assets-v1/c162f712-9543-4ea3-ab6b-955648d11aef/promo-estate.jpg]
[mimmostore.org/__l5e/assets-v1/b9f2b767-8af1-4b14-8919-ff4441faf421/store-3107.jpg]
[mimmostore.org/__l5e/assets-v1/4ef868c8-6c75-421b-9bde-45b6c28defa4/store-3108.jpg]
[mimmostore.org/index.html]
[mimmostore.org/assets/styles-SKq8QuKE.css]
[mimmostore.org/spedizioni.html]
[mimmostore.org/assets/spedizioni-B0CpIOV9.js]
[mimmostore.org/assets/categoria._tagId-D7vUfRMg.js]
[mimmostore.org/categoria/82142254.html]
[mimmostore.org/categoria/92881556.html]
[mimmostore.org/categoria/82142268.html]
[mimmostore.org/categoria/82142549.html]
[mimmostore.org/categoria/82142511.html]
[mimmostore.org/categoria/82142418.html]
[mimmostore.org/categoria/82142576.html]
[mimmostore.org/categoria/94076786.html]
[mimmostore.org/categoria/82142614.html]
[mimmostore.org/categoria/82142669.html]
[mimmostore.org/categoria/82142956.html]
[mimmostore.org/categoria/92881558.html]
[mimmostore.org/categoria/82807309.html]
[mimmostore.org/categoria/82143006.html]
[mimmostore.org/categoria/82808321.html]
[mimmostore.org/categoria/92881557.html]
[mimmostore.org/categoria/82142706.html]
[mimmostore.org/categoria/82142925.html]
[mimmostore.org/categoria/94076196.html]
[mimmostore.org/categoria/82142689.html]
[mimmostore.org/categoria/82156732.html]
[mimmostore.org/categoria/82715179.html]
[mimmostore.org/categoria/82156683.html]
[mimmostore.org/categoria/98620323.html]
[mimmostore.org/categoria/92882901.html]
[mimmostore.org/categoria/94078270.html]
[mimmostore.org/categoria/94078248.html]
[mimmostore.org/categoria/94078254.html]
[mimmostore.org/categoria/94078264.html]
[mimmostore.org/categoria/82807792.html]
[mimmostore.org/categoria/82127012.html]
[mimmostore.org/categoria/97232887.html]
[mimmostore.org/categoria/82807898.html]
[mimmostore.org/categoria/82142985.html]
[mimmostore.org/categoria/82807715.html]
[mimmostore.org/categoria/82072877.html]
[mimmostore.org/categoria/82157072.html]
[mimmostore.org/categoria/82072914.html]
[mimmostore.org/categoria/92879633.html]
[mimmostore.org/categoria/82072896.html]
[mimmostore.org/categoria/82143599.html]
[mimmostore.org/categoria/92879632.html]
[mimmostore.org/categoria/82072943.html]
[mimmostore.org/categoria/82072923.html]
[mimmostore.org/categoria/82072947.html]
[mimmostore.org/categoria/82072970.html]
[mimmostore.org/categoria/92975810.html]
[mimmostore.org/categoria/92975474.html]
[mimmostore.org/categoria/82156655.html]
[mimmostore.org/categoria/82143629.html]
[mimmostore.org/categoria/92882284.html]
[mimmostore.org/categoria/98509883.html]
[mimmostore.org/categoria/98506220.html]
[mimmostore.org/categoria/98507051.html]
[mimmostore.org/categoria/98508089.html]
[mimmostore.org/categoria/98507956.html]
[mimmostore.org/categoria/98877897.html]
[mimmostore.org/categoria/98507639.html]
[mimmostore.org/categoria/98860790.html]
[mimmostore.org/categoria/98507895.html]
[mimmostore.org/categoria/98507287.html]
[mimmostore.org/categoria/98508301.html]
[mimmostore.org/categoria/98507854.html]
[mimmostore.org/categoria/92879541.html]
[mimmostore.org/categoria/82126979.html]
[mimmostore.org/categoria/82072991.html]
[mimmostore.org/categoria/82073000.html]
[mimmostore.org/categoria/82073018.html]
[mimmostore.org/categoria/82072996.html]
[mimmostore.org/categoria/82073011.html]
[mimmostore.org/categoria/82074972.html]
[mimmostore.org/categoria/82073023.html]
[mimmostore.org/categoria/82073078.html]
[mimmostore.org/categoria/82073069.html]
[mimmostore.org/categoria/82073084.html]
[mimmostore.org/categoria/82864008.html]
[mimmostore.org/categoria/82073057.html]
[mimmostore.org/categoria/82073041.html]
[mimmostore.org/categoria/82073035.html]
[mimmostore.org/categoria/82073029.html]
[mimmostore.org/categoria/82074981.html]
[mimmostore.org/categoria/82074983.html]
[mimmostore.org/categoria/82074988.html]
[mimmostore.org/categoria/82074992.html]
[mimmostore.org/categoria/82074994.html]
[mimmostore.org/categoria/94078235.html]
[mimmostore.org/categoria/82257516.html]
[mimmostore.org/categoria/82126847.html]
[mimmostore.org/categoria/82126827.html]
[mimmostore.org/categoria/82126859.html]
[mimmostore.org/categoria/82126852.html]
[mimmostore.org/categoria/82126875.html]
[mimmostore.org/categoria/82126863.html]
[mimmostore.org/categoria/82628241.html]
[mimmostore.org/categoria/82126854.html]
[mimmostore.org/categoria/82126870.html]
[mimmostore.org/categoria/82126882.html]
[mimmostore.org/categoria/82126909.html]
[mimmostore.org/categoria/82126913.html]
[mimmostore.org/categoria/82126922.html]
[mimmostore.org/categoria/82126926.html]
[mimmostore.org/categoria/82126939.html]
[mimmostore.org/categoria/82126942.html]
[mimmostore.org/categoria/82126946.html]
[mimmostore.org/categoria/82126948.html]
[mimmostore.org/categoria/82126951.html]
[mimmostore.org/categoria/82126961.html]
[mimmostore.org/categoria/82126971.html]
[mimmostore.org/assets/useServerFn-DhD6j0Zo.js]
[mimmostore.org/categoria/82126972.html]
[mimmostore.org/categoria/92879543.html]
[mimmostore.org/categoria/82127008.html]
[mimmostore.org/categoria/82156110.html]
[mimmostore.org/categoria/82802960.html]
[mimmostore.org/categoria/82156531.html]
[mimmostore.org/categoria/92882900.html]
[mimmostore.org/categoria/94080017.html]
[mimmostore.org/categoria/98633548.html]
[mimmostore.org/categoria/98633487.html]
[mimmostore.org/categoria/98633489.html]
[mimmostore.org/categoria/98633454.html]
[mimmostore.org/categoria/98633457.html]
[mimmostore.org/categoria/98633481.html]
[mimmostore.org/categoria/98633458.html]
[mimmostore.org/categoria/98633473.html]
[mimmostore.org/categoria/98633483.html]
[mimmostore.org/categoria/98633469.html]
[mimmostore.org/categoria/98633465.html]
[mimmostore.org/categoria/99667004.html]
[mimmostore.org/categoria/99666821.html]
[mimmostore.org/categoria/99666397.html]
[mimmostore.org/categoria/99637182.html]
[mimmostore.org/categoria/99077720.html]
[mimmostore.org/categoria/99077715.html]
[mimmostore.org/categoria/99077703.html]
[mimmostore.org/categoria/99077593.html]
[mimmostore.org/categoria/99077561.html]
[mimmostore.org/categoria/94076710.html]
[mimmostore.org/categoria/92976097.html]
[mimmostore.org/categoria/92975811.html]
[mimmostore.org/categoria/92975480.html]
[mimmostore.org/categoria/92975478.html]
[mimmostore.org/categoria/92975477.html]
[mimmostore.org/categoria/92975476.html]
[mimmostore.org/categoria/92975472.html]
[mimmostore.org/categoria/92975470.html]
[mimmostore.org/categoria/92882213.html]
[mimmostore.org/categoria/92880955.html]
[mimmostore.org/categoria/92879478.html]
[mimmostore.org/categoria/92879477.html]
[mimmostore.org/categoria/92879474.html]
[mimmostore.org/categoria/92879374.html]
[mimmostore.org/categoria/92879370.html]
[mimmostore.org/categoria/92879367.html]
[mimmostore.org/categoria/92879366.html]
[mimmostore.org/categoria/82867498.html]
[mimmostore.org/categoria/82867335.html]
[mimmostore.org/categoria/82724793.html]
[mimmostore.org/categoria/82718236.html]
[mimmostore.org/categoria/82715490.html]
[mimmostore.org/categoria/82681148.html]
[mimmostore.org/categoria/82681144.html]
[mimmostore.org/categoria/82628652.html]
[mimmostore.org/categoria/82628302.html]
[mimmostore.org/categoria/82157765.html]
[mimmostore.org/categoria/82157439.html]
[mimmostore.org/categoria/82156787.html]
[mimmostore.org/categoria/82143689.html]
[mimmostore.org/categoria/82127029.html]
[mimmostore.org/categoria/82126873.html]
[mimmostore.org/categoria/82126868.html]
[mimmostore.org/categoria/82072977.html]
